export const snapshot = {};

snapshot[`global > GET /artists/import > snapshots > should render imports artists page 1`] = `
'
<main class="mt-5">
  <div class="container">
    <div class="row">
      <div class="col text-center">
        <h1>
          Import artists
        </h1>
      </div>
    </div>
    <div class="row">
      <div class="col-md-8 offset-md-2">
        <form
          action="/artists/import"
          method="post"
          enctype="multipart/form-data"
        >
          <div class="mb-3">
            <label
              for="file"
              class="form-label"
            >
              Artists file
            </label>
            <input
              class="form-control "
              type="file"
              id="file"
              name="file"
              placeholder="Artists file"
              required
            >
          </div>
          <div class="d-grid">
            <button
              type="submit"
              class="btn btn-outline-primary"
            >
              Import
            </button>
          </div>
        </form>
      </div>
    </div>
  </div>
</main>
'
`;
